FFEF..EEEEEEEEEEEEEEE.E.EEEEFE...EEFE.EEE............ssssssssss.E...sssE [ 33%]
EE.EEEEEEEE.EEEEEEEEE................................EE.E.EEEEEEEEEEEEEE [ 66%]
EEEEEEEE.E..............E.EEEEEEE.EE..............EEEEEEEEEEEE..E.s..... [ 99%]
s                                                                        [100%]
=================================== ERRORS ====================================
_ ERROR at setup of TestAccountRequestSubmission.test_submit_duplicate_email __
E   ConnectionRefusedError: [WinError 1225] El equipo remoto rechazó la conexión de red
_ ERROR at setup of TestAccountRequestAdminEndpoints.test_list_requests_requires_admin _
E   ConnectionRefusedError: [WinError 1225] El equipo remoto rechazó la conexión de red
_ ERROR at setup of TestAccountRequestAdminEndpoints.test_list_requests_as_admin _
E   ConnectionRefusedError: [WinError 1225] El equipo remoto rechazó la conexión de red
__ ERROR at setup of TestAccountRequestAdminEndpoints.test_filter_by_status ___
E   ConnectionRefusedError: [WinError 1225] El equipo remoto rechazó la conexión de red
___ ERROR at setup of TestAccountRequestAdminEndpoints.test_search_requests ___
E   ConnectionRefusedError: [WinError 1225] El equipo remoto rechazó la conexión de red
__ ERROR at setup of TestAccountRequestAdminEndpoints.test_get_request_by_id __
E   ConnectionRefusedError: [WinError 1225] El equipo remoto rechazó la conexión de red
_ ERROR at setup of TestAccountRequestAdminEndpoints.test_get_nonexistent_request _
E   ConnectionRefusedError: [WinError 1225] El equipo remoto rechazó la conexión de red
__ ERROR at setup of TestAccountRequestApproval.test_approve_pending_request __
E   ConnectionRefusedError: [WinError 1225] El equipo remoto rechazó la conexión de red
_ ERROR at setup of TestAccountRequestApproval.test_approve_already_processed_request _
E   ConnectionRefusedError: [WinError 1225] El equipo remoto rechazó la conexión de red
__ ERROR at setup of TestAccountRequestApproval.test_approve_requires_admin ___
E   ConnectionRefusedError: [WinError 1225] El equipo remoto rechazó la conexión de red
__ ERROR at setup of TestAccountRequestRejection.test_reject_pending_request __
E   ConnectionRefusedError: [WinError 1225] El equipo remoto rechazó la conexión de red
_ ERROR at setup of TestAccountRequestRejection.test_reject_already_processed _
E   ConnectionRefusedError: [WinError 1225] El equipo remoto rechazó la conexión de red
______ ERROR at setup of TestAccountRequestDeletion.test_delete_request _______
E   ConnectionRefusedError: [WinError 1225] El equipo remoto rechazó la conexión de red
_ ERROR at setup of TestAccountRequestDeletion.test_delete_nonexistent_request _
E   ConnectionRefusedError: [WinError 1225] El equipo remoto rechazó la conexión de red
___ ERROR at setup of TestAccountRequestDeletion.test_delete_requires_admin ___
E   ConnectionRefusedError: [WinError 1225] El equipo remoto rechazó la conexión de red
_____ ERROR at setup of TestAIFeaturesList.test_list_all_features_as_user _____
E   ConnectionRefusedError: [WinError 1225] El equipo remoto rechazó la conexión de red
__________ ERROR at setup of TestUserAIFeatures.test_get_my_features __________
E   ConnectionRefusedError: [WinError 1225] El equipo remoto rechazó la conexión de red
____ ERROR at setup of TestUserAIFeatures.test_get_specific_feature_status ____
E   ConnectionRefusedError: [WinError 1225] El equipo remoto rechazó la conexión de red
______ ERROR at setup of TestUserAIFeatures.test_get_nonexistent_feature ______
E   ConnectionRefusedError: [WinError 1225] El equipo remoto rechazó la conexión de red
___ ERROR at setup of TestAdminAIFeatures.test_get_global_settings_as_admin ___
E   ConnectionRefusedError: [WinError 1225] El equipo remoto rechazó la conexión de red
_ ERROR at setup of TestAdminAIFeatures.test_get_global_settings_as_user_fails _
E   ConnectionRefusedError: [WinError 1225] El equipo remoto rechazó la conexión de red
______ ERROR at setup of TestAuthRegister.test_register_duplicate_email _______
E   ConnectionRefusedError: [WinError 1225] El equipo remoto rechazó la conexión de red
_____________ ERROR at setup of TestAuthLogin.test_login_success ______________
E   ConnectionRefusedError: [WinError 1225] El equipo remoto rechazó la conexión de red
__________ ERROR at setup of TestAuthLogin.test_login_wrong_password __________
E   ConnectionRefusedError: [WinError 1225] El equipo remoto rechazó la conexión de red
___________ ERROR at setup of TestAuthMe.test_get_me_authenticated ____________
E   ConnectionRefusedError: [WinError 1225] El equipo remoto rechazó la conexión de red
______ ERROR at setup of TestAuthRefreshToken.test_refresh_token_success ______
E   ConnectionRefusedError: [WinError 1225] El equipo remoto rechazó la conexión de red
____ ERROR at setup of TestSecurityFeatures.test_logout_invalidates_token _____
E   ConnectionRefusedError: [WinError 1225] El equipo remoto rechazó la conexión de red
_______ ERROR at setup of TestSecurityFeatures.test_rate_limit_headers ________
E   ConnectionRefusedError: [WinError 1225] El equipo remoto rechazó la conexión de red
___ ERROR at setup of TestForgotPassword.test_forgot_password_rate_limited ____
E   ConnectionRefusedError: [WinError 1225] El equipo remoto rechazó la conexión de red
_ ERROR at setup of TestPasswordResetIntegration.test_full_password_reset_flow _
E   ConnectionRefusedError: [WinError 1225] El equipo remoto rechazó la conexión de red
_ ERROR at setup of TestPasswordResetIntegration.test_login_after_password_change _
E   ConnectionRefusedError: [WinError 1225] El equipo remoto rechazó la conexión de red
______ ERROR at setup of TestPayRateCreate.test_create_pay_rate_success _______
E   ConnectionRefusedError: [WinError 1225] El equipo remoto rechazó la conexión de red
_____ ERROR at setup of TestPayRateCreate.test_create_pay_rate_non_admin ______
E   ConnectionRefusedError: [WinError 1225] El equipo remoto rechazó la conexión de red
____________ ERROR at setup of TestPayRateList.test_list_pay_rates ____________
E   ConnectionRefusedError: [WinError 1225] El equipo remoto rechazó la conexión de red
_______ ERROR at setup of TestPayRateList.test_list_pay_rates_non_admin _______
E   ConnectionRefusedError: [WinError 1225] El equipo remoto rechazó la conexión de red
______ ERROR at setup of TestPayRateForUser.test_get_pay_rates_for_user _______
E   ConnectionRefusedError: [WinError 1225] El equipo remoto rechazó la conexión de red
___ ERROR at setup of TestPayRateForUser.test_get_current_pay_rate_for_user ___
E   ConnectionRefusedError: [WinError 1225] El equipo remoto rechazó la conexión de red
__________ ERROR at setup of TestPayRateUpdate.test_update_pay_rate ___________
E   ConnectionRefusedError: [WinError 1225] El equipo remoto rechazó la conexión de red
__________ ERROR at setup of TestPayRateDelete.test_delete_pay_rate ___________
E   ConnectionRefusedError: [WinError 1225] El equipo remoto rechazó la conexión de red
_ ERROR at setup of TestPayrollPeriodCreate.test_create_payroll_period_success _
E   ConnectionRefusedError: [WinError 1225] El equipo remoto rechazó la conexión de red
_ ERROR at setup of TestPayrollPeriodCreate.test_create_payroll_period_non_admin _
E   ConnectionRefusedError: [WinError 1225] El equipo remoto rechazó la conexión de red
______ ERROR at setup of TestPayrollPeriodList.test_list_payroll_periods ______
E   ConnectionRefusedError: [WinError 1225] El equipo remoto rechazó la conexión de red
_ ERROR at setup of TestPayrollPeriodList.test_list_payroll_periods_with_status_filter _
E   ConnectionRefusedError: [WinError 1225] El equipo remoto rechazó la conexión de red
_______ ERROR at setup of TestPayrollPeriodGet.test_get_payroll_period ________
E   ConnectionRefusedError: [WinError 1225] El equipo remoto rechazó la conexión de red
__ ERROR at setup of TestPayrollPeriodGet.test_get_payroll_period_not_found ___
E   ConnectionRefusedError: [WinError 1225] El equipo remoto rechazó la conexión de red
____ ERROR at setup of TestPayrollPeriodUpdate.test_update_payroll_period _____
E   ConnectionRefusedError: [WinError 1225] El equipo remoto rechazó la conexión de red
___ ERROR at setup of TestPayrollPeriodWorkflow.test_process_payroll_period ___
E   ConnectionRefusedError: [WinError 1225] El equipo remoto rechazó la conexión de red
_ ERROR at setup of TestPayrollEntryCreate.test_create_payroll_entry_success __
E   ConnectionRefusedError: [WinError 1225] El equipo remoto rechazó la conexión de red
_____ ERROR at setup of TestPayrollEntryUpdate.test_update_payroll_entry ______
E   ConnectionRefusedError: [WinError 1225] El equipo remoto rechazó la conexión de red
_______ ERROR at setup of TestProjectCreate.test_create_project_success _______
E   ConnectionRefusedError: [WinError 1225] El equipo remoto rechazó la conexión de red
_______ ERROR at setup of TestProjectCreate.test_create_project_minimal _______
E   ConnectionRefusedError: [WinError 1225] El equipo remoto rechazó la conexión de red
____________ ERROR at setup of TestProjectList.test_list_projects _____________
E   ConnectionRefusedError: [WinError 1225] El equipo remoto rechazó la conexión de red
______________ ERROR at setup of TestProjectGet.test_get_project ______________
E   ConnectionRefusedError: [WinError 1225] El equipo remoto rechazó la conexión de red
_________ ERROR at setup of TestProjectGet.test_get_project_not_found _________
E   ConnectionRefusedError: [WinError 1225] El equipo remoto rechazó la conexión de red
___________ ERROR at setup of TestProjectUpdate.test_update_project ___________
E   ConnectionRefusedError: [WinError 1225] El equipo remoto rechazó la conexión de red
_______ ERROR at setup of TestProjectUpdate.test_update_project_partial _______
E   ConnectionRefusedError: [WinError 1225] El equipo remoto rechazó la conexión de red
___________ ERROR at setup of TestProjectDelete.test_delete_project ___________
E   ConnectionRefusedError: [WinError 1225] El equipo remoto rechazó la conexión de red
_______ ERROR at setup of TestProjectCreate.test_create_project_success _______
E   ConnectionRefusedError: [WinError 1225] El equipo remoto rechazó la conexión de red
___ ERROR at setup of TestProjectCreate.test_create_project_unauthenticated ___
E   ConnectionRefusedError: [WinError 1225] El equipo remoto rechazó la conexión de red
____ ERROR at setup of TestProjectCreate.test_create_project_missing_name _____
E   ConnectionRefusedError: [WinError 1225] El equipo remoto rechazó la conexión de red
____________ ERROR at setup of TestProjectList.test_list_projects _____________
E   ConnectionRefusedError: [WinError 1225] El equipo remoto rechazó la conexión de red
____ ERROR at setup of TestProjectList.test_list_projects_with_team_filter ____
E   ConnectionRefusedError: [WinError 1225] El equipo remoto rechazó la conexión de red
_________ ERROR at setup of TestProjectDetail.test_get_project_detail _________
E   ConnectionRefusedError: [WinError 1225] El equipo remoto rechazó la conexión de red
______ ERROR at setup of TestProjectDetail.test_get_nonexistent_project _______
E   ConnectionRefusedError: [WinError 1225] El equipo remoto rechazó la conexión de red
___________ ERROR at setup of TestProjectUpdate.test_update_project ___________
E   ConnectionRefusedError: [WinError 1225] El equipo remoto rechazó la conexión de red
___________ ERROR at setup of TestProjectDelete.test_delete_project ___________
E   ConnectionRefusedError: [WinError 1225] El equipo remoto rechazó la conexión de red
__________ ERROR at setup of TestProjectArchive.test_archive_project __________
E   ConnectionRefusedError: [WinError 1225] El equipo remoto rechazó la conexión de red
______ ERROR at setup of TestProjectArchive.test_list_archived_projects _______
E   ConnectionRefusedError: [WinError 1225] El equipo remoto rechazó la conexión de red
_______ ERROR at setup of TestDashboardReport.test_get_dashboard_stats ________
E   ConnectionRefusedError: [WinError 1225] El equipo remoto rechazó la conexión de red
_________ ERROR at setup of TestWeeklySummary.test_get_weekly_summary _________
E   ConnectionRefusedError: [WinError 1225] El equipo remoto rechazó la conexión de red
_________ ERROR at setup of TestProjectReport.test_get_project_report _________
E   ConnectionRefusedError: [WinError 1225] El equipo remoto rechazó la conexión de red
_____________ ERROR at setup of TestExportReport.test_export_csv ______________
E   ConnectionRefusedError: [WinError 1225] El equipo remoto rechazó la conexión de red
_________________ ERROR at setup of test_get_dashboard_stats __________________
E   ConnectionRefusedError: [WinError 1225] El equipo remoto rechazó la conexión de red
__________________ ERROR at setup of test_get_weekly_summary __________________
E   ConnectionRefusedError: [WinError 1225] El equipo remoto rechazó la conexión de red
______________________ ERROR at setup of test_export_csv ______________________
E   ConnectionRefusedError: [WinError 1225] El equipo remoto rechazó la conexión de red
__________ ERROR at setup of TestTeamCreate.test_create_team_success __________
E   ConnectionRefusedError: [WinError 1225] El equipo remoto rechazó la conexión de red
_______________ ERROR at setup of TestTeamList.test_list_teams ________________
E   ConnectionRefusedError: [WinError 1225] El equipo remoto rechazó la conexión de red
_________________ ERROR at setup of TestTeamGet.test_get_team _________________
E   ConnectionRefusedError: [WinError 1225] El equipo remoto rechazó la conexión de red
____________ ERROR at setup of TestTeamGet.test_get_team_not_found ____________
E   ConnectionRefusedError: [WinError 1225] El equipo remoto rechazó la conexión de red
______________ ERROR at setup of TestTeamUpdate.test_update_team ______________
E   ConnectionRefusedError: [WinError 1225] El equipo remoto rechazó la conexión de red
______________ ERROR at setup of TestTeamDelete.test_delete_team ______________
E   ConnectionRefusedError: [WinError 1225] El equipo remoto rechazó la conexión de red
______________________ ERROR at setup of test_list_teams ______________________
E   ConnectionRefusedError: [WinError 1225] El equipo remoto rechazó la conexión de red
_____________________ ERROR at setup of test_create_team ______________________
E   ConnectionRefusedError: [WinError 1225] El equipo remoto rechazó la conexión de red
______________ ERROR at setup of test_create_team_requires_name _______________
E   ConnectionRefusedError: [WinError 1225] El equipo remoto rechazó la conexión de red
_________________ ERROR at setup of test_get_nonexistent_team _________________
E   ConnectionRefusedError: [WinError 1225] El equipo remoto rechazó la conexión de red
_ ERROR at setup of TestTimeEntryCreate.test_create_time_entry_with_duration __
E   ConnectionRefusedError: [WinError 1225] El equipo remoto rechazó la conexión de red
_ ERROR at setup of TestTimeEntryCreate.test_create_time_entry_unauthenticated _
E   ConnectionRefusedError: [WinError 1225] El equipo remoto rechazó la conexión de red
_________ ERROR at setup of TestTimeEntryList.test_list_time_entries __________
E   ConnectionRefusedError: [WinError 1225] El equipo remoto rechazó la conexión de red
_ ERROR at setup of TestTimeEntryList.test_list_time_entries_with_project_filter _
E   ConnectionRefusedError: [WinError 1225] El equipo remoto rechazó la conexión de red
___________ ERROR at setup of TestTimerOperations.test_start_timer ____________
E   ConnectionRefusedError: [WinError 1225] El equipo remoto rechazó la conexión de red
____________ ERROR at setup of TestTimerOperations.test_stop_timer ____________
E   ConnectionRefusedError: [WinError 1225] El equipo remoto rechazó la conexión de red
_______ ERROR at setup of TestTimerStatus.test_get_timer_status_running _______
E   ConnectionRefusedError: [WinError 1225] El equipo remoto rechazó la conexión de red
_____ ERROR at setup of TestTimerStatus.test_get_timer_status_not_running _____
E   ConnectionRefusedError: [WinError 1225] El equipo remoto rechazó la conexión de red
________ ERROR at setup of TestTimeEntryUpdate.test_update_time_entry _________
E   ConnectionRefusedError: [WinError 1225] El equipo remoto rechazó la conexión de red
________ ERROR at setup of TestTimeEntryDelete.test_delete_time_entry _________
E   ConnectionRefusedError: [WinError 1225] El equipo remoto rechazó la conexión de red
___________________ ERROR at setup of test_get_timer_status ___________________
E   ConnectionRefusedError: [WinError 1225] El equipo remoto rechazó la conexión de red
__________________ ERROR at setup of test_list_time_entries ___________________
E   ConnectionRefusedError: [WinError 1225] El equipo remoto rechazó la conexión de red
_____________ ERROR at setup of test_stop_timer_when_not_running ______________
E   ConnectionRefusedError: [WinError 1225] El equipo remoto rechazó la conexión de red
================================== FAILURES ===================================
C:\Program Files\WindowsApps\PythonSoftwareFoundation.Python.3.11_3.11.2544.0_x64__qbz5n2kfra8p0\Lib\asyncio\windows_events.py:641: ConnectionRefusedError: [WinError 1225] El equipo remoto rechazó la conexión de red
C:\Program Files\WindowsApps\PythonSoftwareFoundation.Python.3.11_3.11.2544.0_x64__qbz5n2kfra8p0\Lib\asyncio\windows_events.py:641: ConnectionRefusedError: [WinError 1225] El equipo remoto rechazó la conexión de red
C:\Program Files\WindowsApps\PythonSoftwareFoundation.Python.3.11_3.11.2544.0_x64__qbz5n2kfra8p0\Lib\asyncio\windows_events.py:641: ConnectionRefusedError: [WinError 1225] El equipo remoto rechazó la conexión de red
C:\Program Files\WindowsApps\PythonSoftwareFoundation.Python.3.11_3.11.2544.0_x64__qbz5n2kfra8p0\Lib\asyncio\windows_events.py:641: ConnectionRefusedError: [WinError 1225] El equipo remoto rechazó la conexión de red
C:\Program Files\WindowsApps\PythonSoftwareFoundation.Python.3.11_3.11.2544.0_x64__qbz5n2kfra8p0\Lib\asyncio\windows_events.py:641: ConnectionRefusedError: [WinError 1225] El equipo remoto rechazó la conexión de red
=========================== short test summary info ===========================
FAILED tests/test_account_requests.py::TestAccountRequestSubmission::test_submit_valid_request
FAILED tests/test_account_requests.py::TestAccountRequestSubmission::test_submit_minimal_request
FAILED tests/test_account_requests.py::TestAccountRequestSubmission::test_submit_duplicate_pending_request
FAILED tests/test_auth.py::TestAuthRegister::test_register_success - Connecti...
FAILED tests/test_auth.py::TestAuthLogin::test_login_nonexistent_user - Conne...
ERROR tests/test_account_requests.py::TestAccountRequestSubmission::test_submit_duplicate_email
ERROR tests/test_account_requests.py::TestAccountRequestAdminEndpoints::test_list_requests_requires_admin
ERROR tests/test_account_requests.py::TestAccountRequestAdminEndpoints::test_list_requests_as_admin
ERROR tests/test_account_requests.py::TestAccountRequestAdminEndpoints::test_filter_by_status
ERROR tests/test_account_requests.py::TestAccountRequestAdminEndpoints::test_search_requests
ERROR tests/test_account_requests.py::TestAccountRequestAdminEndpoints::test_get_request_by_id
ERROR tests/test_account_requests.py::TestAccountRequestAdminEndpoints::test_get_nonexistent_request
ERROR tests/test_account_requests.py::TestAccountRequestApproval::test_approve_pending_request
ERROR tests/test_account_requests.py::TestAccountRequestApproval::test_approve_already_processed_request
ERROR tests/test_account_requests.py::TestAccountRequestApproval::test_approve_requires_admin
ERROR tests/test_account_requests.py::TestAccountRequestRejection::test_reject_pending_request
ERROR tests/test_account_requests.py::TestAccountRequestRejection::test_reject_already_processed
ERROR tests/test_account_requests.py::TestAccountRequestDeletion::test_delete_request
ERROR tests/test_account_requests.py::TestAccountRequestDeletion::test_delete_nonexistent_request
ERROR tests/test_account_requests.py::TestAccountRequestDeletion::test_delete_requires_admin
ERROR tests/test_ai_features.py::TestAIFeaturesList::test_list_all_features_as_user
ERROR tests/test_ai_features.py::TestUserAIFeatures::test_get_my_features - C...
ERROR tests/test_ai_features.py::TestUserAIFeatures::test_get_specific_feature_status
ERROR tests/test_ai_features.py::TestUserAIFeatures::test_get_nonexistent_feature
ERROR tests/test_ai_features.py::TestAdminAIFeatures::test_get_global_settings_as_admin
ERROR tests/test_ai_features.py::TestAdminAIFeatures::test_get_global_settings_as_user_fails
ERROR tests/test_auth.py::TestAuthRegister::test_register_duplicate_email - C...
ERROR tests/test_auth.py::TestAuthLogin::test_login_success - ConnectionRefus...
ERROR tests/test_auth.py::TestAuthLogin::test_login_wrong_password - Connecti...
ERROR tests/test_auth.py::TestAuthMe::test_get_me_authenticated - ConnectionR...
ERROR tests/test_auth.py::TestAuthRefreshToken::test_refresh_token_success - ...
ERROR tests/test_auth.py::TestSecurityFeatures::test_logout_invalidates_token
ERROR tests/test_auth.py::TestSecurityFeatures::test_rate_limit_headers - Con...
ERROR tests/test_password_reset.py::TestForgotPassword::test_forgot_password_rate_limited
ERROR tests/test_password_reset.py::TestPasswordResetIntegration::test_full_password_reset_flow
ERROR tests/test_password_reset.py::TestPasswordResetIntegration::test_login_after_password_change
ERROR tests/test_pay_rates.py::TestPayRateCreate::test_create_pay_rate_success
ERROR tests/test_pay_rates.py::TestPayRateCreate::test_create_pay_rate_non_admin
ERROR tests/test_pay_rates.py::TestPayRateList::test_list_pay_rates - Connect...
ERROR tests/test_pay_rates.py::TestPayRateList::test_list_pay_rates_non_admin
ERROR tests/test_pay_rates.py::TestPayRateForUser::test_get_pay_rates_for_user
ERROR tests/test_pay_rates.py::TestPayRateForUser::test_get_current_pay_rate_for_user
ERROR tests/test_pay_rates.py::TestPayRateUpdate::test_update_pay_rate - Conn...
ERROR tests/test_pay_rates.py::TestPayRateDelete::test_delete_pay_rate - Conn...
ERROR tests/test_payroll.py::TestPayrollPeriodCreate::test_create_payroll_period_success
ERROR tests/test_payroll.py::TestPayrollPeriodCreate::test_create_payroll_period_non_admin
ERROR tests/test_payroll.py::TestPayrollPeriodList::test_list_payroll_periods
ERROR tests/test_payroll.py::TestPayrollPeriodList::test_list_payroll_periods_with_status_filter
ERROR tests/test_payroll.py::TestPayrollPeriodGet::test_get_payroll_period - ...
ERROR tests/test_payroll.py::TestPayrollPeriodGet::test_get_payroll_period_not_found
ERROR tests/test_payroll.py::TestPayrollPeriodUpdate::test_update_payroll_period
ERROR tests/test_payroll.py::TestPayrollPeriodWorkflow::test_process_payroll_period
ERROR tests/test_payroll.py::TestPayrollEntryCreate::test_create_payroll_entry_success
ERROR tests/test_payroll.py::TestPayrollEntryUpdate::test_update_payroll_entry
ERROR tests/test_projects.py::TestProjectCreate::test_create_project_success
ERROR tests/test_projects.py::TestProjectCreate::test_create_project_minimal
ERROR tests/test_projects.py::TestProjectList::test_list_projects - Connectio...
ERROR tests/test_projects.py::TestProjectGet::test_get_project - ConnectionRe...
ERROR tests/test_projects.py::TestProjectGet::test_get_project_not_found - Co...
ERROR tests/test_projects.py::TestProjectUpdate::test_update_project - Connec...
ERROR tests/test_projects.py::TestProjectUpdate::test_update_project_partial
ERROR tests/test_projects.py::TestProjectDelete::test_delete_project - Connec...
ERROR tests/test_projects_api.py::TestProjectCreate::test_create_project_success
ERROR tests/test_projects_api.py::TestProjectCreate::test_create_project_unauthenticated
ERROR tests/test_projects_api.py::TestProjectCreate::test_create_project_missing_name
ERROR tests/test_projects_api.py::TestProjectList::test_list_projects - Conne...
ERROR tests/test_projects_api.py::TestProjectList::test_list_projects_with_team_filter
ERROR tests/test_projects_api.py::TestProjectDetail::test_get_project_detail
ERROR tests/test_projects_api.py::TestProjectDetail::test_get_nonexistent_project
ERROR tests/test_projects_api.py::TestProjectUpdate::test_update_project - Co...
ERROR tests/test_projects_api.py::TestProjectDelete::test_delete_project - Co...
ERROR tests/test_projects_api.py::TestProjectArchive::test_archive_project - ...
ERROR tests/test_projects_api.py::TestProjectArchive::test_list_archived_projects
ERROR tests/test_reports.py::TestDashboardReport::test_get_dashboard_stats - ...
ERROR tests/test_reports.py::TestWeeklySummary::test_get_weekly_summary - Con...
ERROR tests/test_reports.py::TestProjectReport::test_get_project_report - Con...
ERROR tests/test_reports.py::TestExportReport::test_export_csv - ConnectionRe...
ERROR tests/test_reports_integration.py::test_get_dashboard_stats - Connectio...
ERROR tests/test_reports_integration.py::test_get_weekly_summary - Connection...
ERROR tests/test_reports_integration.py::test_export_csv - ConnectionRefusedE...
ERROR tests/test_teams.py::TestTeamCreate::test_create_team_success - Connect...
ERROR tests/test_teams.py::TestTeamList::test_list_teams - ConnectionRefusedE...
ERROR tests/test_teams.py::TestTeamGet::test_get_team - ConnectionRefusedErro...
ERROR tests/test_teams.py::TestTeamGet::test_get_team_not_found - ConnectionR...
ERROR tests/test_teams.py::TestTeamUpdate::test_update_team - ConnectionRefus...
ERROR tests/test_teams.py::TestTeamDelete::test_delete_team - ConnectionRefus...
ERROR tests/test_teams_integration.py::test_list_teams - ConnectionRefusedErr...
ERROR tests/test_teams_integration.py::test_create_team - ConnectionRefusedEr...
ERROR tests/test_teams_integration.py::test_create_team_requires_name - Conne...
ERROR tests/test_teams_integration.py::test_get_nonexistent_team - Connection...
ERROR tests/test_time_entries.py::TestTimeEntryCreate::test_create_time_entry_with_duration
ERROR tests/test_time_entries.py::TestTimeEntryCreate::test_create_time_entry_unauthenticated
ERROR tests/test_time_entries.py::TestTimeEntryList::test_list_time_entries
ERROR tests/test_time_entries.py::TestTimeEntryList::test_list_time_entries_with_project_filter
ERROR tests/test_time_entries.py::TestTimerOperations::test_start_timer - Con...
ERROR tests/test_time_entries.py::TestTimerOperations::test_stop_timer - Conn...
ERROR tests/test_time_entries.py::TestTimerStatus::test_get_timer_status_running
ERROR tests/test_time_entries.py::TestTimerStatus::test_get_timer_status_not_running
ERROR tests/test_time_entries.py::TestTimeEntryUpdate::test_update_time_entry
ERROR tests/test_time_entries.py::TestTimeEntryDelete::test_delete_time_entry
ERROR tests/test_time_entries_integration.py::test_get_timer_status - Connect...
ERROR tests/test_time_entries_integration.py::test_list_time_entries - Connec...
ERROR tests/test_time_entries_integration.py::test_stop_timer_when_not_running
5 failed, 99 passed, 15 skipped, 28 warnings, 98 errors in 478.47s (0:07:58)
C:\Users\caxul\AppData\Local\Packages\PythonSoftwareFoundation.Python.3.11_qbz5n2kfra8p0\LocalCache\local-packages\Python311\site-packages\pytest_asyncio\plugin.py:247: PytestDeprecationWarning: The configuration option "asyncio_default_fixture_loop_scope" is unset.
The event loop scope for asynchronous fixtures will default to the fixture caching scope. Future versions of pytest-asyncio will default the loop scope for asynchronous fixtures to function scope. Set the default fixture loop scope explicitly in order to avoid unexpected behavior in the future. Valid fixture loop scopes are: "function", "class", "module", "package", "session"

  warnings.warn(PytestDeprecationWarning(_DEFAULT_FIXTURE_LOOP_SCOPE_UNSET))
