C:\Users\caxul\AppData\Local\Packages\PythonSoftwareFoundation.Python.3.11_qbz5n2kfra8p0\LocalCache\local-packages\Python311\site-packages\pytest_asyncio\plugin.py:247: PytestDeprecationWarning: The configuration option "asyncio_default_fixture_loop_scope" is unset.
The event loop scope for asynchronous fixtures will default to the fixture caching scope. Future versions of pytest-asyncio will default the loop scope for asynchronous fixtures to function scope. Set the default fixture loop scope explicitly in order to avoid unexpected behavior in the future. Valid fixture loop scopes are: "function", "class", "module", "package", "session"

  warnings.warn(PytestDeprecationWarning(_DEFAULT_FIXTURE_LOOP_SCOPE_UNSET))
============================= test session starts =============================
platform win32 -- Python 3.11.9, pytest-8.3.2, pluggy-1.6.0 -- C:\Users\caxul\AppData\Local\Microsoft\WindowsApps\PythonSoftwareFoundation.Python.3.11_qbz5n2kfra8p0\python.exe
cachedir: .pytest_cache
rootdir: C:\Users\caxul\Builds Laboratorio del Dolor\TimeTracker\backend
configfile: pyproject.toml
plugins: anyio-4.11.0, langsmith-0.6.0, asyncio-1.3.0, cov-7.0.0
asyncio: mode=Mode.AUTO, debug=False, asyncio_default_fixture_loop_scope=None, asyncio_default_test_loop_scope=function
collecting ... collected 46 items

tests/test_sentry_integration.py::test_sentry_init_skips_without_dsn PASSED [  2%]
tests/test_sentry_integration.py::test_sentry_init_with_dsn PASSED       [  4%]
tests/test_sentry_integration.py::test_sentry_is_initialized_flag PASSED [  6%]
tests/test_sentry_integration.py::test_sentry_skips_if_already_initialized PASSED [  8%]
tests/test_sentry_integration.py::test_sanitize_event_filters_sensitive_headers PASSED [ 10%]
tests/test_sentry_integration.py::test_filter_transactions_skips_health_checks PASSED [ 13%]
tests/test_structured_logging.py::TestJsonLogFormatter::test_json_format_output PASSED [ 15%]
tests/test_structured_logging.py::TestJsonLogFormatter::test_json_format_with_exception PASSED [ 17%]
tests/test_structured_logging.py::TestRequestIdFilter::test_filter_injects_request_id PASSED [ 19%]
tests/test_structured_logging.py::TestRequestIdFilter::test_filter_uses_default_when_no_request PASSED [ 21%]
tests/test_structured_logging.py::TestConfigureLogging::test_configure_json_for_production PASSED [ 23%]
tests/test_structured_logging.py::TestConfigureLogging::test_configure_standard_for_development PASSED [ 26%]
tests/test_structured_logging.py::test_request_id_in_response_header PASSED [ 28%]
tests/test_structured_logging.py::test_different_requests_get_different_ids PASSED [ 30%]
tests/test_payroll_edge_cases.py::TestOvertimeBoundary::test_exactly_40_hours_no_overtime PASSED [ 32%]
tests/test_payroll_edge_cases.py::TestOvertimeBoundary::test_40_hours_and_1_minute_triggers_overtime PASSED [ 34%]
tests/test_payroll_edge_cases.py::TestOvertimeBoundary::test_overtime_rate_applied_correctly PASSED [ 36%]
tests/test_payroll_edge_cases.py::TestOvertimeBoundary::test_biweekly_overtime_threshold_is_80_hours PASSED [ 39%]
tests/test_payroll_edge_cases.py::TestOvertimeBoundary::test_semi_monthly_overtime_threshold PASSED [ 41%]
tests/test_payroll_edge_cases.py::TestOvertimeBoundary::test_monthly_overtime_threshold PASSED [ 43%]
tests/test_payroll_edge_cases.py::TestOvertimeBoundary::test_zero_overtime_multiplier_edge_case PASSED [ 45%]
tests/test_payroll_edge_cases.py::TestPayPeriodTransitions::test_entry_starting_before_midnight_belongs_to_first_period PASSED [ 47%]
tests/test_payroll_edge_cases.py::TestPayPeriodTransitions::test_entry_starting_at_midnight_belongs_to_new_period PASSED [ 50%]
tests/test_payroll_edge_cases.py::TestPayPeriodTransitions::test_overnight_entry_full_duration_counted_in_start_period PASSED [ 52%]
tests/test_payroll_edge_cases.py::TestPayrollRounding::test_7_hours_59_minutes_59_seconds_rounds_correctly PASSED [ 54%]
tests/test_payroll_edge_cases.py::TestPayrollRounding::test_partial_minute_rounding PASSED [ 56%]
tests/test_payroll_edge_cases.py::TestPayrollRounding::test_gross_amount_rounds_to_cents PASSED [ 58%]
tests/test_payroll_edge_cases.py::TestPayrollRounding::test_half_cent_rounding_behavior PASSED [ 60%]
tests/test_payroll_edge_cases.py::TestPayrollRounding::test_very_small_duration_does_not_produce_negative PASSED [ 63%]
tests/test_payroll_edge_cases.py::TestMultiRateScenarios::test_rate_change_mid_period_uses_end_date_rate PASSED [ 65%]
tests/test_payroll_edge_cases.py::TestZeroHourEdgeCases::test_hourly_employee_zero_hours_produces_zero_pay PASSED [ 67%]
tests/test_payroll_edge_cases.py::TestZeroHourEdgeCases::test_monthly_employee_paid_regardless_of_hours PASSED [ 69%]
tests/test_payroll_edge_cases.py::TestZeroHourEdgeCases::test_daily_employee_zero_days_produces_zero PASSED [ 71%]
tests/test_payroll_edge_cases.py::TestNegativeTimeEntries::test_negative_seconds_in_calculation_produces_zero_not_negative_pay PASSED [ 73%]
tests/test_payroll_edge_cases.py::TestNegativeTimeEntries::test_negative_duration_should_not_reduce_total_seconds PASSED [ 76%]
tests/test_payroll_edge_cases.py::TestOverlappingTimeEntries::test_overlapping_entries_double_count_hours PASSED [ 78%]
tests/test_payroll_edge_cases.py::TestOverlappingTimeEntries::test_adjacent_entries_do_not_overlap PASSED [ 80%]
tests/test_payroll_edge_cases.py::TestMonthlySalaryProration::test_monthly_to_weekly_proration PASSED [ 82%]
tests/test_payroll_edge_cases.py::TestMonthlySalaryProration::test_monthly_to_biweekly_proration PASSED [ 84%]
tests/test_payroll_edge_cases.py::TestMonthlySalaryProration::test_monthly_to_semimonthly_proration PASSED [ 86%]
tests/test_payroll_edge_cases.py::TestMonthlySalaryProration::test_monthly_to_monthly_proration PASSED [ 89%]
tests/test_payroll_edge_cases.py::TestDailyRateCalculation::test_daily_rate_with_5_days_worked PASSED [ 91%]
tests/test_payroll_edge_cases.py::TestDailyRateCalculation::test_daily_rate_multiple_entries_same_day_count_once PASSED [ 93%]
tests/test_payroll_edge_cases.py::TestDailyRateCalculation::test_daily_rate_entries_across_multiple_days PASSED [ 95%]
tests/test_payroll_edge_cases.py::TestProjectBasedRate::test_project_based_flat_rate PASSED [ 97%]
tests/test_payroll_edge_cases.py::TestProjectBasedRate::test_project_based_ignores_time_entries PASSED [100%]

======================= 46 passed, 28 warnings in 0.37s =======================
